Fold 0
Model 0 best validation rmse = 0.530701 on epoch 9
Model 0 test rmse = 2.529772
Ensemble test rmse = 0.862794
1-fold cross validation
	Seed 42 ==> test rmse = 0.862794
Overall test rmse = 0.862794 +/- 0.000000
Elapsed time = 0:00:00
Fold 0
Model 0 best validation rmse = 0.530701 on epoch 9
Model 0 test rmse = 2.529772
Ensemble test rmse = 0.862794
1-fold cross validation
	Seed 42 ==> test rmse = 0.862794
Overall test rmse = 0.862794 +/- 0.000000
Elapsed time = 0:00:00
Fold 0
Model 0 best validation rmse = 0.530701 on epoch 9
Model 0 test rmse = 2.529772
Ensemble test rmse = 0.862794
1-fold cross validation
	Seed 42 ==> test rmse = 0.862794
Overall test rmse = 0.862794 +/- 0.000000
Elapsed time = 0:00:01
Fold 0
Model 0 best validation rmse = 0.530701 on epoch 9
Model 0 test rmse = 2.529772
Ensemble test rmse = 0.862794
1-fold cross validation
	Seed 42 ==> test rmse = 0.862794
Overall test rmse = 0.862794 +/- 0.000000
Elapsed time = 0:00:00
